[   0.000000] Initializing cgroup subsys cpuset
[    0.000000] Initializing cgroup subsys cpu
[    0.000000] Initializing cgroup subsys cpuacct
[    0.000000] Linux version 4.4.0-116-generic (buildd@lgw01-amd64-021) (gcc version 5.4.0 20160609 (Ubuntu 5.4.0-6ubuntu1~16.04.9) ) #140-Ubuntu SMP Mon Feb 12 21:23:04 UTC 2018 (Ubuntu 4.4.0-116.140-generic 4.4.98)
[    0.000000] Command line: BOOT_IMAGE=/boot/vmlinuz-4.4.0-116-generic root=LABEL=cloudimg-rootfs ro console=tty1 console=ttyS0
[    0.000000] KERNEL supported cpus:
[    0.000000]   Intel GenuineIntel
[    0.000000]   AMD AuthenticAMD
[    0.000000]   Centaur CentaurHauls
[   0.000000] x86/fpu: Legacy x87 FPU detected.
[    0.000000]x86/fpu: Using 'lazy' FPU context switches.
[    0.00000] e820: BIOS-provided physical RAM map:
[    0.000000] BIOS-e820: [mem 0x0000000000000000-0x000000000009fbff] usable
[    0.000000] BIOS-e820: [mem 0x000000000009fc00-0x000000000009ffff] reserved

[    0000000] BIOS-e820: [mem 0x00000000000f0000-0x00000000000fffff] resered
[    0.000000] BIOS-e820: [mem 0x0000000000100000-0x00000003ffeffff] usable
[    0.000000] BIOS-e820: [mem 0x000000003fff0000-0x000000003fffffff] ACPI data
[    0.000000] BIOS-e820: [mem 0x00000000fec00000-0x00000000fec00fff] reserved
[    0.000000] BIOS-e820: [mem 0x00000000fee00000-0x00000000fee00fff] reserved
[    0.000000] BIOS-e80: [mem 0x00000000fffc0000-0x00000000ffffffff] reserved
[    0.000000] NX (Execute Disable) protection: active
[    0.000000] SMBIOS 2.5 present.
[    0.000000] Hypervisor detected: KVM
[    0.000000] e820: last_pfn = 0x3fff0 max_arch_pfn = 0x400000000
[    0.000000] MTRR: Disabled
[    0.000000] x86/PAT: MTRRs disabled, skipping PAT initialization too.
[    0.000000] CPU MTRRs all blank - virtualized system.
[    0.000000] x86/PAT: Configuration [0-7]: WB  WT  UC- UC  WB  WT  UC- UC  
[    0.000000] found SMP MP-table at [mem 0x0009fff0-0x0009ffff] mappedat [ffff88000009fff0]
[    0.000000] Scanning 1 areas for low memory corruption
[    0.000000] RAMDISK: [mem 0x36ac2000-0x37558fff]
[    0.000000] ACPI: Early table checksum verification disabled
[    0.000000] ACPI: RSDP 0x00000000000E0000 000024 (v02 VBOX  )
[    0.000000] ACPI: XSDT 0x000000003FFF0030 00003C (v01 VBOX   VBOXXSDT 00000001 ASL  00000061)
[    0.000000] ACPI: FACP 0x000000003FFF00F0 0000F4 (v04 VBOX   VBOXFACP 00000001 ASL  00000061)
[    0.000000] ACPI: DSDT 0x000000003FFF0470 0021FF (v02 VBOX   VBOXBIOS 00000002 INTL 20160108)
[    0.000000] ACPI: FACS 0x000000003FFF0200 000040
[    0.000000] ACPI: FACS 0x000000003FFF0200 000040
[    0.000000] ACPI: AIC 0x000000003FFF0240 00005C (v02 VBOX   VBOXAPIC 00000001 ASL  00000061)
[    0.000000] ACPI: SSDT 0x000000003FFF02A0 0001CC (v01 VBOX   VBOXCPUT 00000002 INTL 20160108)
[    0.000000] No NUMA configuration found
[    0.000000] Fakinga node at [mem 0x0000000000000000-0x000000003ffeffff]
[    0.000000] NODE_DATA(0) allocated [mem 0x3ffeb000-0x3ffeffff]
[    0.000000] kvm-clock: Using msrs 4b564d01 and 4b564d00
[    0.000000] kvm-clock: cpu 0, msr 0:3ffe3001, primary cpu clock
[    0.000000] kvm-clock: using sched offset of 4783483418 cycles
[    0.000000] clocksource: kvm-clock: mask: 0xffffffffffffffff max_cycles: 0x1cd42e4dffb, max_idle_ns: 881590591483 ns
[    0.000000] Zone ranges:
[    0.000000]   DMA      [mem 0x0000000000001000-0x0000000000ffffff]
[    0.000000]   DMA32     mem 0x0000000001000000-0x000000003ffeffff]
[    0.000000]   Normal   empty
[    0.000000]   Device   empty
[    0.000000] Movable zone start for each node
[    0.000000] Early memory node ranges
[    0.000000]   node   0: [mem 0x0000000000001000-0x000000000009efff]
[    0.000000]   node   0: [mem 0x0000000000100000-0x000000003ffeffff]
[    0.000000] Initmem setup node 0 [mem 0x0000000000001000-0x000000003ffeffff]
[    0.000000] ACPI: PM-Timer IO Port: 0x4008
[    0.000000] IOAPIC[0]: apic_id 2, version 32, address 0xfec00000, GSI 0-23
[    0.000000] ACPI: INT_SRC_OVR (bus 0 bus_irq 0 global_irq 2 dfl dfl)
[    0.000000] ACPI: INT_SRC_OVR (bus 0 bus_irq 9 global_irq 9 low evel)
[    0.000000] Using ACPI (MADT) for SMP configuration information
[    0.000000] smpboot: Allowing 2 CPUs, 0 hotplug CPUs
[    0.000000] PM: Registered nosave mmemor: [mem 0x00000000-0x00000fff]
[    0.000000] PM: Regstered nosave memory: [mem 0x0009f000-0x0009ffff]
[    0.00000] PM: Registered nosave memory: [mem 0x000a0000-0x000effff]
[    0.000000] PM: Registered nosave memory: [mem 0x000f0000-0x000fffff]
[    0.000000] e820: [mem 0x40000000-0xfebfffff] available for PCI devices
[    0.000000] Booting paravirtualized kernel on KVM
[    0.000000] clocksource: refined-jiffies: mask: 0xffffffff max_cycles: 0xffffffff, max_idle_ns: 7645519600211568 ns
[    0.000000] setup_percpu: NR_CPUS:512 nr_cpumask_bits:512 nr_cpu_ids:2 nr_node_ids:1
[    0.000000] PERCPU: Embedded 34 pages/cpu @ffff88003fc00000 s99544 r8192 d31528 u1048576
[    0.000000] PV qspinlock hash table entries: 256 (order: 0, 4096 bytes)
[    0.000000] Built 1 zonelists in Node order, mobility grouping on.  Total pages: 257913
[    0.000000] Polcy zone: DMA32
[    0.000000] Kernel command line: BOOT_IMAGE=/boot/vmlinuz-4.4.0-116-generic root=LABEL=cloudimg-rootfs ro console=tty1 console=ttyS0
[    0.000000] PID hash table entries: 4096 (order: 3, 32768 bytes)
[    0.000000] Memory: 1001688K/1048120K available (8530K kernel code, 1309K rwdata, 3992K rodata, 1508K init, 1316K bss, 46432K reserved, 0K cma-reserved)
[    0.000000] SLUB: HWalign=64, Order=0-3, MinObjects=0, CPUs=2, Nodes=1
[    0.000000] Kernel/User page tables isolation: enabled
[    0.000000] Hierarchical RCU implementation.
[   000000] 	Build-time adjustment of leaf fanout to 64.
[    0.000000] 	RCU restricting CPUs from NR_CPUS=512 to nr_cpu_ids=2.
[    0.000000] RCU: Adjusting eometry for rcu_fanout_leaf=64, nr_cpu_ids=2
[    .000000] NR_IRQS:33024 nr_irqs:440 16
[    0.000000] Conole: colour VGA+ 80x25
[    0.000000] console [tty1] enabled
[    0.000000] consol [ttyS0] enabled
[    0.000000] tsc: Detected 2992.472 MHz processor
[    1.009002] Calibrating delay loop (skipped) preset value.. 5984.94 BogoMIPS (lpj=11969888)
[    1.011873] pid_max: default: 32768 minimum: 301
[    1.013406] ACPI: Core revision 20150930
[    1.016133] ACPI: 2 ACPI AML tables successfully acquired and loaded
[    1.018266] Security Framework initialized
[    1.019678] Yama: becoming mindful.
[    1.0210047] AppArmor: AppArmor initialized
[    1.075443] Dentry cache hash table entries: 131072 (order: 8, 1048576 bytes)
[    1.204535] Inode-cache hash table entries: 65536 (order: 7, 524288 bytes)
[    1.312169] Mount-cache hash table entries: 2048 (order: 2, 16384 bytes)
[    1.431888] Mountpoint-cache hash table entries: 2048 (order: 2, 16384 bytes)
[    1.434735] Initializing cgroup subsys io
[    1.486826] Initializing cgroup subsys memory
[    1.559773] Initializing cgroup subsys devices
[    1.561271] Initializing cgroup subsys freezer
[    1.562753] Initializing cgroup subsys net_cls
[    1.564290] Initializing cgroup subsys perf_event
[    1.565824] Initializing cgroup subsys net_prio
[    1.567370] Initializing cgroup subsys hugetlb
[    1.568855] Initializing cgroup subsys pids
[    1.570408] FEATURE SPEC_CTRL Not Present
[    1.575790] CPU: Physical Processor ID: 0
[    1.643302] CPU: Processor Core ID: 0
[    1.706835] mce: CPU supports 0 MCE banks
[    1.776876] Last level iTLB entries: 4KB 128, 2MB 4, 4MB 4
[    1.883442] Last level dTLB entries: 4KB 256, 2MB 0, 4MB 32, 1GB 0
[    1.890542] Spectre V2 mitigation: Mitigation: Full generic retpoline
[    1.903910] Spectre V2 mitigation: Speculation control IBPB not-supported IBRS not-supported
[    1.994688] Freeing SMP alternatives memory: 32K
[    2.010067] ftrace: allocating 32186 entries in 126 pages
[    2.125098] smpboot: APIC(0) Converting physical 0 to logical package 0
[    2.237031] smpboot: Max logical packages: 1
[    2.312226] x2apic enabled
[    2.313871] Switched APIC routing to physical x2apic.
[    2.317873] ..TIMER: vector=0x30 apic1=0 pin1=2 apic2=-1 pin2=-1
[    2.474544] smpboot: CPU0: Intel(R) Core(TM)2 Duo CPU     E8400  @ 3.00GHz (family: 0x6, model: 0x17, stepping: 0xa)
[    2.478071] Performance Events: unsupported p6 CPU model 23 no PMU driver, software events only.
[    2.577313] KVM setup paravirtual spinlock
[    2.633536] x86: Booting SMP configuration:
[    2.634959] .... node  #0, CPUs:      #1
[    2.636368] kvm-clock: cpu 1, msr 0:3ffe3041, secondary cpu clock
[    2.647848] mce: CPU supports 0 MCE banks
[    2.651066] x86: Booted up 1 node, 2 CPUs
[    2.652944] smpboot: Total of 2 processors activated (11969.88 BogoMIPS)
[    2.655489] devtmpfs: initialized
[    2.659216] evm: security.selinux
[    2.660451] evm: security.SMACK64
[    2.661678] evm: security.SMACK64EXEC
[    2.662984] evm: security.SMACK64TRANSMUTE
[    2.664390] evm: security.SMACK64MMAP
[    2.665679] evm: security.ima
[    2.667925] evm: security.capability
[    2.669452] clocksource: jiffies: mask: 0xffffffff max_cycles: 0xffffffff, max_idle_ns: 7645041785100000 ns
[    2.672555] futex hash table entries: 512 (order: 3, 32768 bytes)
[    2.674523] pinctrl core: initialized pinctrl subsystem
[    2.712448] RTC time:  4:54:22, date: 04/20/18
[    2.714243] NET: Registered protocol family 16
[    2.758884] cpuidle: using governor ladder
[    2.770984] cpuidle: using governor menu
[    2.772424] PCCT header not found.
[    2.773722] ACPI: bus type PCI registered
[    2.775113] acpiphp: ACPI Hot Plug PCI Controller Driver version: 0.5
[    2.827093] PCI: Using configuration type 1 for base access
[    2.839537] ACPI: Added _OSI(Module Device)
[    2.840974] ACPI: Added _OSI(Processor Device)
[    2.842440] ACPI: Added _OSI(3.0 _SCP Extensions)
[    2.843982] ACPI: Added _OSI(Processor Aggregator Device)
[    2.846615] ACPI: Executed 1 blocks of module-level executable AML code
[    2.945940] ACPI: Interpreter enabled
[    3.004591] ACPI: (supports S0 S5)
[    3.006304] ACPI: Using IOAPIC for interrupt routing
[    3.008803] PCI: Using host bridge windows from ACPI; if necessary, use "pci=nocrs" and report a bug
[    3.017951] ACPI: PCI Root Bridge [PCI0] (domain 0000 [bus 00-ff])
[    3.020706] acpi PNP0A03:00: _OSC: OS supports [ASPM ClockPM Segments MSI]
[    3.023648] acpi PNP0A03:00: _OSC: not requesting OS control; OS requires [ExtendedConfig ASPM ClockPM MSI]
[    3.028163] acpi PNP0A03:00: fail to add MMCONFIG information, can't access extended PCI configuration space under this bridge.
[    3.033933] PCI host bridge to bus 0000:00
[    3.035871] pci_bus 0000:00: root bus resource [io  0x0000-0x0cf7 window]
[    3.038770] pci_bus 0000:00: root bus resource [io  0x0d00-0xffff window]
[    3.041690] pci_bus 0000:00: root bus resource [mem 0x000a0000-0x000bffff window]
[    3.045305] pci_bus 0000:00: root bus resource [mem 0x40000000-0xfdffffff window]
[    3.048914] pci_bus 0000:00: root bus resource [bus 00-ff]
[    3.053440] pci 0000:00:01.1: legacy IDE quirk: reg 0x10: [io  0x01f0-0x01f7]
[    3.056454] pci 0000:00:01.1: legacy IDE quirk: reg 0x14: [io  0x03f6]
[    3.059274] pci 0000:00:01.1: legacy IDE quirk: reg 0x18: [io  0x0170-0x0177]
[    3.062272] pci 0000:00:01.1: legacy IDE quirk: reg 0x1c: [io  0x0376]
[    3.096181] pci 0000:00:07.0: quirk: [io  0x4000-0x403f] claimed by PIIX4 ACPI
[    3.100596] pci 0000:00:07.0: quirk: [io  0x4100-0x410f] claimed by PIIX4 SMB
[    3.119840] ACPI: PCI Interrupt Link [LNKA] (IRQs 5 9 10 *11)
[    3.127738] ACPI: PCI Interrupt Link [LNKB] (IRQs 5 9 *10 11)
[    3.157487] ACPI: PCI Interrupt Link [LNKC] (IRQs 5 *9 10 11)
[    3.159921] ACPI: PCI Interrupt Link [LNKD] (IRQs 5 9 10 *11)
[    3.162427] ACPI: Enabled 2 GPEs in block 00 to 07
[    3.165106] vgaarb: setting as boot device: PCI:0000:00:02.0
[    3.166836] vgaarb: device added: PCI:0000:00:02.0,decodes=io+mem,owns=io+mem,locks=none
[    3.169570] vgaarb: loaded
[    3.170684] vgaarb: bridge control possible 0000:00:02.0
[    3.173028] SCSI subsystem initialized
[    3.174816] ACPI: bus type USB registered
[    3.179682] usbcore: registered new interface driver usbfs
[    3.181406] usbcore: registered new interface driver hub
[    3.183111] usbcore: registered new device driver usb
[    3.185229] PCI: Using ACPI for IRQ routing
[    3.187377] NetLabel: Initializing
[    3.188641] NetLabel:  domain hash size = 128
[    3.190083] NetLabel:  protocols = UNLABELED CIPSOv4
[    3.223954] NetLabel:  unlabeled traffic allowed by default
[    3.337102] amd_nb: Cannot enumerate AMD northbridges
[    3.348749] clocksource: Switched to clocksource kvm-clock
[  3.364838] AppArmor: AppAmor Filesystem Enabled
[    3.458365] pnp: PnP ACPI init
[    3.460821] pnp: PnP ACPI: found 3 devices

[    3.474505] clocksource: acpi_pm: mask: 0xffffff max_cycles: 0xffffff, max_idle_ns: 2085701024 ns
[    3.477680] NET: Registered protocol family 2
[    3.479881] TCP stablished hash table entries: 8192 (order: 4, 65536 bytes)
[    3.513123] TCP bind hash table entries: 8192 (order: 5, 131072 bytes)
[    3.515221] TCP: Hash tables configured (established 8192 bind 8192)
[    3.517313] UDP hash table entries: 512 (order: 2, 16384 bytes)
[    3.519251] UDP-Lite hash table entries: 512 (order: 2, 16384 bytes)
[    3.521381] NET: Registered protocol family 1
[    3.522960] pci 0000:00:00.0: Limiting direct PCI/PCI transfers
[    3.524879] pci 0000:00:01.0: Activating ISA DMA hang workarounds
[    3.527094] Unpacking initramfs...

[  5.492834] Freeing initrd memory: 10844K

[    5.555950] platform rtc_cmos: registered platform RTC device (no PNP device found)
[    5.559690] Scanning for low memory corruption every 60 seconds
[    5.562126] audit: initializing netlink subsys (disabled)
[    5.563960] audit: type=2000 audit(1524200068.862:1): initialized
[    5.567537] Initialise system trusted keyring
[    5.569452] HugeTLB registered 2 MB page size, pre-allocated 0 pages
[    5.573732] zbud: loaded
[    5.575350] VFS: Disk quotas dquot_6.6.0
[    5.576878] VFS: Dquot-cache hash table entries: 512 (order 0, 4096 bytes)
[    5.586611] squashfs: version 4.0 (2009/01/31) Phillip Lougher
[    5.588895] fuse init (API version 7.23)
[    5.590511] Key type big_key registered
[    5.591926] Allocating IMA MOK and blacklist keyrings.
[    5.594904] Key type asymmetric registered
[    5.596414] Asymmetric key parser 'x509' registered
[    5.645405] Block layer SCSI generic (bsg) driver version 0.4 loaded (major 249)
[    5.658354] io scheduler noop registered
[    5.667458] io scheduler deadline registered (default)
[    5.669254] io scheduler cfq registered
[    5.670809] pci_hotplug: PCI Hot Plug PCI Core version: 0.5
[    5.672668] pciehp: PCI Express Hot Plug Controller Driver version: 0.4
[    5.705979] ACPI: AC Adapter [AC] (on-line)
[    5.727162] input: Power Button as /devices/LNXSYSTM:00/LNXPWRBN:00/input/input0
[    5.754076] ACPI: Power Button [PWRF]
[    5.757526] input: Sleep Button as /devices/LNXSYSTM:00/LNXSLPBN:00/input/input1
[    5.760242] ACPI: Sleep Button [SLPF]
[    5.767344] GHES: HEST is not enabled!
[    5.768935] Serial: 8250/16550 driver, 32 ports, IRQ sharing enabled
[    5.793790] 00:02: ttyS0 at I/O 0x3f8 (irq = 4, base_baud = 115200) is a 16550A
[    5.798414] Linux agpgart interface v0.103
[    5.809797] loop: module loaded
[    5.814581] scsi host0: ata_piix
[    5.816148] scsi host1: ata_piix
[    5.825605] ata1: PATA max UDMA/33 cmd 0x1f0 ctl 0x3f6 bmdma 0xd000 irq 14
[    5.827777] ata2: PATA max UDMA/33 cmd 0x170 ctl 0x376 bmdma 0xd008 irq 15
[    5.830125] libphy: Fixed MDIO Bus: probed
[    5.837423] tun: Universal TUN/TAP device driver, 1.6
[    5.839184] tun: (C) 1999-2004 Max Krasnyansky <maxk@qualcomm.com>
[    5.841247] PPP generic driver version 2.4.2
[    5.842900] ehci_hcd: USB 2.0 'Enhanced' Host Controller (EHCI) Driver
[    5.845008] ehci-pci: EHCI PCI platform driver
[    5.846595] ehci-platform: EHCI generic platform driver
[    5.848376] ohci_hcd: USB 1.1 'Open' Host Controller (OHCI) Driver
[    5.885583] ohci-pci: OHCI PCI platform driver
[    5.907182] ohci-platform: OHCI generic platform driver
[    5.909172] uhci_hcd: USB Universal Host Controller Interface driver
[    5.911319] i8042: PNP: PS/2 Controller [PNP0303:PS2K,PNP0f03:PS2M] at 0x60,0x64 irq 1,12
[    5.928580] serio: i8042 KBD port at 0x60,0x64 irq 1
[    5.937697] serio: i8042 AUX port at 0x60,0x64 irq 12
[    5.939556] mousedev: PS/2 mouse device common for all mice
[    5.946518] rtc_cmos rtc_cmos: rtc core: registered rtc_cmos as rtc0
[    5.948803] input: AT Translated Set 2 keyboard as /devices/platform/i8042/serio0/input/input2
[    5.951996] rtc_cmos rtc_cmos: alarms up to one day, 114 bytes nvram
[    5.981898] i2c /dev entries driver
[    5.983314] device-mapper: uevent: version 1.0.3
[    5.985017] device-mapper: ioctl: 4.34.0-ioctl (2015-10-28) initialised: dm-devel@redhat.com
[    6.009011] ledtrig-cpu: registered to indicate activity on CPUs
[    6.028384] NET: Registered protocol family 10
[    6.037749] NET: Registered protocol family 17
[    6.039363] Key type dns_resolver registered
[    6.041251] microcode: CPU0 sig=0x1067a, pf=0x40, revision=0x60b
[    6.043997] microcode: CPU1 sig=0x1067a, pf=0x40, revision=0x60b
[    6.065458] microcode: Microcode Update Driver: v2.01 <tigran@aivazian.fsnet.co.uk>, Peter Oruba
[    6.068741] registered taskstats version 1
[    6.087491] Loading compiled-in X.509 certificates
[    6.098134] Loaded X.509 cert 'Build time autogenerated kernel key: aa84f01984fbd529c105810b59e379d349698248'
[    6.101560] zswap: loaded using pool lzo/zbud
[    6.116654] Key type trusted registered
[    6.153015] Key type encrypted registered
[    6.154531] AppArmor: AppArmor sha1 policy hashing enabled
[    6.156469] ima: No TPM chip found, activating TPM-bypass!
[    6.161683] evm: HMAC attrs: 0x1
[    6.163472]   Magic number: 14:801:919
[    6.165081] rtc_cmos rtc_cmos: setting system clock to 2018-04-20 04:54:25 UTC (1524200065)
[    6.168278] BIOS EDD facility v0.16 2004-Jun-25, 0 devices found
[    6.170265] EDD information not available.
[    6.180205] Freeing unused kernel memory: 1508K
[    6.197750] Write protecting the kernel read-only data: 14336k
[    6.224676] Freeing unused kernel memory: 1700K
[    6.228191] Freeing unused kernel memory: 104K
Loading, please wait...
starting version 229
[    6.394883] random: systemd-udevd: uninitialized urandom read (16 bytes read, 2 bits of entropy available)
[    6.402658] random: udevadm: uninitialized urandom read (16 bytes read, 2 bits of entropy available)
[    6.402831] random: udevadm: uninitialized urandom read (16 bytes read, 2 bits of entropy available)
[    6.451148] random: systemd-udevd: uninitialized urandom read (16 bytes read, 2 bits of entropy available)
[    6.460686] random: systemd-udevd: uninitialized urandom read (16 bytes read, 2 bits of entropy available)
[    6.469240] random: systemd-udevd: uninitialized urandom read (16 bytes read, 2 bits of entropy available)
[    6.482917] random: systemd-udevd: uninitialized urandom read (16 bytes read, 2 bits of entropy available)
[    6.487956] random: systemd-udevd: uninitialized urandom read (16 bytes read, 2 bits of entropy available)
[    6.492927] random: systemd-udevd: uninitialized urandom read (16 bytes read, 2 bits of entropy available)
[    6.504435] random: systemd-udevd: uninitialized urandom read (16 bytes read, 2 bits of entropy available)
[    6.795672] e1000: Intel(R) PRO/1000 Network Driver - version 7.3.21-k8-NAPI
[    6.827339] e1000: Copyright (c) 1999-2006 Intel Corporation.
[    6.850877] Fusion MPT base driver 3.04.20
[    6.867452] Copyright (c) 1999-2008 LSI Corporation
[    6.913469] Fusion MPT SPI Host driver 3.04.20
[    7.139122] input: ImExPS/2 Generic Explorer Mouse as /devices/platform/i8042/serio1/input/input4
[    7.401365] e1000 0000:00:03.0 eth0: (PCI:33MHz:32-bit) 02:74:f2:80:ad:a4
[    7.408172] e1000 0000:00:03.0 eth0: Intel(R) PRO/1000 Network Connection
[    7.411921] mptbase: ioc0: Initiating bringup
[    7.473407] ioc0: LSI53C1030 A0: Capabilities={Initiator}
[    7.484932] tsc: Refined TSC clocksource calibration: 2993.085 MHz
[    7.501005] clocksource: tsc: mask: 0xffffffffffffffff max_cycles: 0x2b24c109a1a, max_idle_ns: 440795339041 ns
[    7.639735] scsi host2: ioc0: LSI53C1030 A0, FwRev=00000000h, Ports=1, MaxQ=256, IRQ=20
[    7.765361] scsi 2:0:0:0: Direct-Access     VBOX     HARDDISK         1.0  PQ: 0 ANSI: 5
[    7.769170] scsi target2:0:0: Beginning Domain Validation
[    7.782538] scsi target2:0:0: Domain Validation skipping write tests
[    7.784424] scsi target2:0:0: Ending Domain Validation
[    7.789979] scsi target2:0:0: asynchronous
[    7.791802] scsi 2:0:1:0: Direct-Access     VBOX     HARDDISK         1.0  PQ: 0 ANSI: 5
[    7.794562] scsi target2:0:1: Beginning Domain Validation
[    7.797380] scsi target2:0:1: Domain Validation skipping write tests
[    7.801037] scsi target2:0:1: Ending Domain Validation
[    7.803462] scsi target2:0:1: asynchronous
[    7.821372] sd 2:0:0:0: [sda] 20971520 512-byte logical blocks: (10.7 GB/10.0 GiB)
[    7.825135] sd 2:0:0:0: Attached scsi generic sg0 type 0
[    7.828535] sd 2:0:1:0: [sdb] 20480 512-byte logical blocks: (10.5 MB/10.0 MiB)
[    7.857712] sd 2:0:1:0: Attached scsi generic sg1 type 0
[    7.861003] sd 2:0:0:0: [sda] Write Protect is off
[    7.863359] sd 2:0:0:0: [sda] Incomplete mode parameter data
[    7.865978] sd 2:0:0:0: [sda] Assuming drive cache: write through
[    7.871465] sd 2:0:1:0: [sdb] Write Protect is off
[    7.873902] sd 2:0:1:0: [sdb] Incomplete mode parameter data
[    7.876505] sd 2:0:1:0: [sdb] Assuming drive cache: write through
[    7.895260]  sda: sda1
[    7.897491] sd 2:0:0:0: [sda] Attached SCSI disk
[    7.940248] sd 2:0:1:0: [sdb] Attached SCSI disk
[    8.204945] e1000 0000:00:08.0 eth1: (PCI:33MHz:32-bit) 08:00:27:51:49:be
[    8.214363] e1000 0000:00:08.0 eth1: Intel(R) PRO/1000 Network Connection
[    8.222868] e1000 0000:00:08.0 enp0s8: renamed from eth1
[    8.236991] e1000 0000:00:03.0 enp0s3: renamed from eth0
[    9.781034] floppy0: no floppy controllers found
Begin: Loading e[   13.148355] md: linear personality registered for level -1
ssential drivers ... [   13.175943] md: multipath personality registered for level -4
[   13.211653] md: raid0 personality registered for level 0
[   13.244138] md: raid1 personality registered for level 1
[   13.356119] raid6: sse2x1   gen()  5191 MB/s
[   13.436107] raid6: sse2x1   xor()  4587 MB/s
[   13.526080] raid6: sse2x2   gen()  7392 MB/s
[   13.600405] raid6: sse2x2   xor()  5827 MB/s
[   13.676098] raid6: sse2x4   gen()  8239 MB/s
[   13.766092] raid6: sse2x4   xor()  7011 MB/s
[   13.774053] raid6: using algorithm sse2x4 gen() 8239 MB/s
[   13.777024] raid6: .... xor() 7011 MB/s, rmw enabled
[   13.797219] raid6: using ssse3x2 recovery algorithm
[   13.803727] xor: measuring software checksum speed
[   13.844757]    prefetch64-sse: 11070.000 MB/sec
[   13.884760]    generic_sse:  9702.000 MB/sec
[   13.886280] xor: using function: prefetch64-sse (11070.000 MB/sec)
[   13.896732] async_tx: api initialized (async)
[   13.922079] md: raid6 personality registered for level 6
[   13.925395] md: raid5 personality registered for level 5
[   13.928663] md: raid4 personality registered for level 4
[   13.998780] md: raid10 personality registered for level 10
done.
Begin: Running /scripts/init-premount ... done.
Begin: Mounting root file system ... Begin: Running /scripts/local-top ... done.
Begin: Running /scripts/local-premount ... [   14.157674] Btrfs loaded
Scanning for Btrfs filesystems
done.
Warning: fsck not present, so skipping root file[   14.485802] EXT4-fs (sda1): INFO: recovery required on readonly filesystem
 system
[   14.513590] EXT4-fs (sda1): write access will be enabled during recovery
[   14.741039] EXT4-fs (sda1): recovery complete
[   14.765608] EXT4-fs (sda1): mounted filesystem with ordered data mode. Opts: (null)
done.
Begin: Running /scripts/local-bottom ... done.
Begin: Running /scripts/init-bottom ... done.
[   15.680352] random: nonblocking pool is initialized
[   16.012910] systemd[1]: systemd 229 running in system mode. (+PAM +AUDIT +SELINUX +IMA +APPARMOR +SMACK +SYSVINIT +UTMP +LIBCRYPTSETUP +GCRYPT +GNUTLS +ACL +XZ -LZ4 +SECCOMP +BLKID +ELFUTILS +KMOD -IDN)
[   16.063540] systemd[1]: Detected virtualization oracle.
[   16.065309] systemd[1]: Detected architecture x86-64.

Welcome to [1mUbuntu 16.04.4 LTS[0m!

[   16.113847] systemd[1]: Set hostname to <ubuntu-xenial>.
[   17.199452] systemd[1]: Listening on Journal Socket.
[[0;32m  OK  [0m] Listening on Journal Socket.
[   17.211394] systemd[1]: Reached target Swap.
[[0;32m  OK  [0m] Reached target Swap.
[   17.214359] systemd[1]: Listening on Journal Audit Socket.
[[0;32m  OK  [0m] Listening on Journal Audit Socket.
[   17.220292] systemd[1]: Created slice User and Session Slice.
[[0;32m  OK  [0m] Created slice User and Session Slice.
[   17.237301] systemd[1]: Listening on /dev/initctl Compatibility Named Pipe.
[[0;32m  OK  [0m] Listening on /dev/initctl Compatibility Named Pipe.
[   17.261077] systemd[1]: Listening on udev Kernel Socket.
[[0;32m  OK  [0m] Listening on udev Kernel Socket.
[   17.273294] systemd[1]: Listening on Device-mapper event daemon FIFOs.
[[0;32m  OK  [0m] Listening on Device-mapper event daemon FIFOs.
[   17.280540] systemd[1]: Listening on Journal Socket (/dev/log).
[[0;32m  OK  [0m] Listening on Journal Socket (/dev/log).
[   17.287626] systemd[1]: Reached target Encrypted Volumes.
[[0;32m  OK  [0m] Reached target Encrypted Volumes.
[   17.295648] systemd[1]: Started Forward Password Requests to Wall Directory Watch.
[[0;32m  OK  [0m] Started Forward Password Requests to Wall Directory Watch.
[   17.345834] systemd[1]: Set up automount Arbitrary Executable File Formats File System Automount Point.
[[0;32m  OK  [0m] Set up automount Arbitrary Executab...ats File System Automount Point.
[   17.414923] systemd[1]: Created slice System Slice.
[[0;32m  OK  [0m] Created slice System Slice.
[   17.481702] systemd[1]: Starting Nameserver information manager...
         Starting Nameserver information manager...
[   17.521522] systemd[1]: Mounting Huge Pages File System...
         Mounting Huge Pages File System...
[   17.638739] systemd[1]: Mounting Debug File System...
         Mounting Debug File System...
[   17.681713] systemd[1]: Starting Set console keymap...
         Starting Set console keymap...
[   17.696390] systemd[1]: Starting Uncomplicated firewall...
         Starting Uncomplicated firewall...
[   17.777757] systemd[1]: Starting Load Kernel Modules...
         Starting Load Kernel Modules...
[   17.817546] systemd[1]: Reached target Slices.
[[0;32m  OK  [0m] Reached target Slices.
[   17.843103] Loading iSCSI transport class v2.0-870.
[   17.859493] systemd[1]: Starting Remount Root and Kernel File Systems...
         Starting Remount Root and Kernel File Systems...
[   17.876760] systemd[1]: Created slice system-serial\x2dgetty.slice.
[[0;32m  OK  [0m] Created slice system-serial\x2dgetty.slice.
[   17.889444] systemd[1]: Reached target User and Group Name Lookups.
[[0;32m  OK  [0m] Reached target User and Group Name Lookups.
[   17.903469] systemd[1]: Listening on LVM2 metadata daemon socket.
[[0;32m  OK  [0m] Listening on LVM2 metadata daemon socket.
[   17.913483] iscsi: registered transport (tcp)
[   17.916646] systemd[1]: Listening on LVM2 poll daemon socket.
[[0;32m  OK  [0m] Listening on LVM2 poll daemon socket.
[   17.941877] systemd[1]: Starting Create list of required static device nodes for the current kernel...
[   17.950081] EXT4-fs (sda1): re-mounted. Opts: (null)
         Starting Create list of required st... nodes for the current kernel...
[   17.989988] systemd[1]: Mounting POSIX Message Queue File System...
         Mounting POSIX Message Queue File System...
[   18.017844] systemd[1]: Started Trigger resolvconf update for networkd DNS.
[[0;32m  OK  [0m] Started Trigger resolvconf update for networkd DNS.
[   18.057934] systemd[1]: Starting Monitoring of LVM2 mirrors, snapshots etc. using dmeventd or progress polling...
         Starting Monitoring of LVM2 mirrors... dmeventd or progress polling...
[   18.093607] systemd[1]: Listening on udev Control Socket.
[[0;32m  OK  [0m] Listening on udev Control Socket.
[   18.100112] systemd[1]: Listening on Syslog Socket.
[[0;32m  OK  [0m] Listening on Syslog Socket.
[   18.138865] systemd[1]: Starting Journal Service...
         Starting Journal Service...
[   18.168546] systemd[1]: Mounted Debug File System.
[[0;32m  OK  [0m] Mounted Debug File System.
[   18.185486] systemd[1]: Mounted POSIX Message Queue File System.
[[0;32m  OK  [0m] Mounted POSIX Message Queue File System.
[   18.192780] systemd[1]: Mounted Huge Pages File System.
[[0;32m  OK  [0m] Mounted Huge Pages File System.
[   18.231673] systemd[1]: Started Uncomplicated firewall.
[[0;32m  OK  [0m] Started Uncomplicated firewall.
[   18.253960] systemd[1]: Started Remount Root and Kernel File Systems.
[[0;32m  OK  [0m] Started Remount Root and Kernel File Systems.
[   18.289413] systemd[1]: Started Set console keymap.
[[   18.293108] iscsi: registered transport (iser)
[0;32m  OK  [0m] Started Set console keymap.
[   18.302688] systemd[1]: Started Create list of required static device nodes for the current kernel.
[[0;32m  OK  [0m] Started Create list of required sta...ce nodes for the current kernel.
[   18.319264] systemd[1]: Started Load Kernel Modules.
[[0;32m  OK  [0m] Started Load Kernel Modules.
[   18.358073] systemd[1]: Started Nameserver information manager.
[[0;32m  OK  [0m] Started Nameserver information manager.
[   18.451931] systemd[1]: Started Journal Service.
[[0;32m  OK  [0m] Started Journal Service.
[[0;32m  OK  [0m] Started LVM2 metadata daemon.
         Mounting FUSE Control File System...
         Starting Apply Kernel Variables...
         Starting Create Static Device Nodes in /dev...
         Starting udev Coldplug all Devices...
         Starting Load/Save Random Seed...
         Starting Initial cloud-init job (pre-networking)...
         Starting Flush Journal to Persistent Storage...
[[0;32m  OK  [0m] Mounted FUSE Control File System.
[[0;32m  OK  [0m] Started Apply Kernel Variables.
[[0;32m  OK  [0m] Started Load/Save Random Seed.
[[0;32m  OK  [0m] Started Create Static Device Nodes in /dev.
         Starting udev Kernel Device Manager...
[[0;32m  OK  [0m] Started Monitoring of LVM2 mirrors,...ng dmeventd or progress polling.
[[0;32m  OK  [0m] Started Flush Journal to Persistent Storage.
[[0;32m  OK  [0m] Started udev Kernel Device Manager.
[[0;32m  OK  [0m] Reached target Local File Systems (Pre).
[[0;32m  OK  [0m] Reached target Local File Systems.
         Starting Set console font and keymap...
         Starting Tell Plymouth To Write Out Runtime Data...
         Starting Create Volatile Files and Directories...
         Starting LSB: AppArmor initialization...
[[0;32m  OK  [0m] Started udev Coldplug all Devices.
[[0;32m  OK  [0m] Started Tell Plymouth To Write Out Runtime Data.
[[0;32m  OK  [0m] Started Dispatch Password Requests to Console Directory Watch.
[[0;32m  OK  [0m] Started Create Volatile Files and Directories.
         Starting Update UTMP about System Boot/Shutdown...
[[0;32m  OK  [0m] Reached target System Time Synchronized.
[[0;32m  OK  [0m] Started Update UTMP about System Boot/Shutdown.
[[0;32m  OK  [0m] Found device /dev/ttyS0.
[[0;32m  OK  [0m] Started LSB: AppArmor initialization.
[[0;32m  OK  [0m] Started Set console font and keymap.
[[0;32m  OK  [0m] Created slice system-getty.slice.
[[0;32m  OK  [0m] Listening on Load/Save RF Kill Switch Status /dev/rfkill Watch.
[[0;32m  OK  [0m] Found device 82540EM Gigabit Ethern...r (PRO/1000 MT Desktop Adapter).
[[0;32m  OK  [0m] Found device 82540EM Gigabit Ethern...r (PRO/1000 MT Desktop Adapter).
[   24.500057] cloud-init[440]: Cloud-init v. 17.2 running 'init-local' at Fri, 20 Apr 2018 04:54:44 +0000. Up 22.60 seconds.
[[0;32m  OK  [0m] Started Initial cloud-init job (pre-networking).
[[0;32m  OK  [0m] Reached target Network (Pre).
[[0;32m  OK  [0m] Started ifup for enp0s8.
[[0;32m  OK  [0m] Started ifup for enp0s3.
         Starting Raise network interfaces...
[[0;32m  OK  [0m] Started Raise network interfaces.
[[0;32m  OK  [0m] Reached target Network.
         Starting Initial cloud-init job (metadata service crawler)...
[   29.193053] cloud-init[1062]: Cloud-init v. 17.2 running 'init' at Fri, 20 Apr 2018 04:54:49 +0000. Up 27.65 seconds.
[   29.201311] cloud-init[1062]: ci-info: ++++++++++++++++++++++++++++++++++++++Net device info++++++++++++++++++++++++++++++++++++++
[   29.221325] cloud-init[1062]: ci-info: +--------+------+-----------------------------+---------------+-------+-------------------+
[   29.245060] cloud-init[1062]: ci-info: | Device |  Up  |           Address           |      Mask     | Scope |     Hw-Address    |
[   29.273229] cloud-init[1062]: ci-info: +--------+------+-----------------------------+---------------+-------+-------------------+
[   29.293273] cloud-init[1062]: ci-info: | enp0s3 | True |          10.0.2.15          | 255.255.255.0 |   .   | 02:74:f2:80:ad:a4 |
[   29.314202] cloud-init[1062]: ci-info: | enp0s3 | True |  fe80::74:f2ff:fe80:ada4/64 |       .       |  link | 02:74:f2:80:ad:a4 |
[   29.331081] cloud-init[1062]: ci-info: | enp0s8 | True |        192.168.33.16        | 255.255.255.0 |   .   | 08:00:27:51:49:be |
[   29.353476] cloud-init[1062]: ci-info: | enp0s8 | True | fe80::a00:27ff:fe51:49be/64 |       .       |  link | 08:00:27:51:49:be |
[   29.368893] cloud-init[1062]: ci-info: |   lo   | True |          127.0.0.1          |   255.0.0.0   |   .   |         .         |
[   29.389642] cloud-init[1062]: ci-info: |   lo   | True |           ::1/128           |       .       |  host |         .         |
[   29.408339] cloud-init[[1062]: ci-info: +--------+------+-----------------------------+---------------+-------+-------------------+
[0;32m  OK  [0m] Started Initial cloud-init job (metadata service crawler).
[   29.409520] cloud-init[1062]: ci-info: ++++++++++++++++++++++++++++Route IPv4 info++++++++++++++++++++++++++++
[   29.444813] cloud-init[1062]: ci-info: +-------+--------------+----------+---------------+-----------+-------+
[[0;32m  OK  [0m] Reached target System Initialization.[   29.446388] 
cloud-init[1062]: ci-info: | Route | Destination  | Gateway  |    Genmask    | Interface | Flags |
[   29.472388] cloud-init[1062]: ci-info: +-------+--------------+----------+---------------+-----------+-------+
[   29.489200] cloud-init[1062]: ci-info: |   0   |   0.0.0.0    | 10.0.2.2 |    0.0.0.0    |   enp0s3  |   UG  |
[   29.496324] cloud-init[1062]: ci-info: |   1   |   10.0.2.0   | 0.0.0.0  | 255.255.255.0 |   enp0s3  |   U   |
         Starting LXD - unix socket.
[   29.496951] cloud-init[1062]: ci-info: |   2   | 192.168.33.0 | 0.0.0.0  | 255.255.255.0 |   enp0s8  |   U   |
[   29.530179] cloud-init[1062]: ci-info: +-------+--------------+----------+---------------+-----------+-------+
[[0;32m  OK  [0m] Started Daily apt download activities.
[[0;32m  OK  [0m] Listening on UUID daemon activation socket.
[[0;32m  OK  [0m] Started Timer to automatically refresh installed snaps.
[[0;32m  OK  [0m] Listening on D-Bus System Message Bus Socket.
[[0;32m  OK  [0m] Listening on ACPID Listen Socket.
         Starting Socket activation for snappy daemon.
[[0;32m  OK  [0m] Started ACPI Events Check.
[[0;32m  OK  [0m] Reached target Paths.
[[0;32m  OK  [0m] Started Daily apt upgrade and clean activities.
[[0;32m  OK  [0m] Started Daily Cleanup of Temporary Directories.
[[0;32m  OK  [0m] Reached target Timers.
[[0;32m  OK  [0m] Reached target Network is Online.
         Starting iSCSI initiator daemon (iscsid)...
[[0;32m  OK  [0m] Reached target Cloud-config availability.
[[0;32m  OK  [0m] Listening on LXD - unix socket.
[[0;32m  OK  [0m] Listening on Socket activation for snappy daemon.
[[0;32m  OK  [0m] Reached target Sockets.
[[0;32m  OK  [0m] Reached target Basic System.
         Starting System Logging Service...
[[0;32m  OK  [0m] Started Deferred execution scheduler.
         Starting Snappy daemon...
[[0;32m  OK  [0m] Started Unattended Upgrades Shutdown.
         Starting LSB: Record successful boot for GRUB...
         Starting LSB: MD monitoring daemon...
[[0;32m  OK  [0m] Started Regular background program processing daemon.
[[0;32m  OK  [0m] Started D-Bus System Message Bus.
[[0;32m  OK  [0m] Started ACPI event daemon.
         Starting Accounts Service...
         Starting Apply the settings specified in cloud-config...
         Starting LXD - container startup/shutdown...
[[0;32m  OK  [0m] Started FUSE filesystem for LXC.
         Starting OpenBSD Secure Shell server...
         Starting Login Service...
         Starting /etc/rc.local Compatibility...
[[0;32m  OK  [0m] Started System Logging Service.
[[0;32m  OK  [0m] Started /etc/rc.local Compatibility.
[[0;32m  OK  [0m] Started Login Service.
[[0;32m  OK  [0m] Started iSCSI initiator daemon (iscsid).
         Starting Login to default iSCSI targets...
[[0;32m  OK  [0m] Started LSB: Record successful boot for GRUB.
[[0;32m  OK  [0m] Started OpenBSD Secure Shell server.
[[0;32m  OK  [0m] Started LSB: MD monitoring daemon.
[[0;32m  OK  [0m] Started Login to default iSCSI targets.
[[0;32m  OK  [0m] Reached target Remote File Systems (Pre).
[[0;32m  OK  [0m] Reached target Remote File Systems.
         Starting LSB: daemon to balance interrupts for SMP systems...
         Starting Permit User Sessions...
         Starting LSB: Set the CPU Frequency Scaling governor to "ondemand"...
         Starting LSB: VirtualBox Linux Additions...
         Starting LSB: automatic crash report generation...
[[0;32m  OK  [0m] Started Permit User Sessions.
[[0;32m  OK  [0m] Started Snappy daemon.
         Starting Hold until boot process finishes up...
         Starting Terminate Plymouth Boot Screen...
         Starting Authenticate and Authorize Users to Run Privileged Tasks...
[[0;32m  OK  [0m] Started Hold until boot process finishes up.
[[0;32m  OK  [0m] Started Getty on tty1.
         Starting Set console scheme...
[[0;32m  OK  [0m] Started Serial Getty on ttyS0.
[[0;32m  OK  [0m] Reached target Login Prompts.
[[0;32m  OK  [0m] Started Terminate Plymouth Boot Screen.
[[0;32m  OK  [0m] Started Set console scheme.
[[0;32m  OK  [0m] Started LSB: Set the CPU Frequency Scaling governor to "ondemand".
[[0;32m  OK  [0m] Started LSB: daemon to balance interrupts for SMP systems.
[[0;32m  OK  [0m] Started LXD - container startup/shutdown.
[[0;32m  OK  [0m] Started Authenticate and Authorize Users to Run Privileged Tasks.
[[0;32m  OK  [0m] Started Accounts Service.
[[0;32m  OK  [0m] Created slice User Slice of vagrant.
[[0;32m  OK  [0m] Started Session 1 of user vagrant.
         Starting User Manager for UID 1000...
[[0;32m  OK  [0m] Started LSB: automatic crash report generation.
[[0;32m  OK  [0m] Started User Manager for UID 1000.
[[0;32m  OK  [0m] Started LSB: VirtualBox Linux Additions.
[[0;32m  OK  [0m] Reached target Multi-User System.
[[0;32m  OK  [0m] Reached target Graphical Interface.
         Starting Update UTMP about System Runlevel Changes...
[[0;32m  OK  [0m] Started Update UTMP about System Runlevel Changes.
[   35.696701] cloud-init[1153]: Cloud-init v. 17.2 running 'modules:config' at Fri, 20 Apr 2018 04:54:57 +0000. Up 35.02 seconds.
[[0;32m  OK  [0m] Started Apply the settings specified in cloud-config.
         Starting Execute cloud user/final scripts...
[   37.691275] cloud-init[1368]: Cloud-init v. 17.2 running 'modules:final' at Fri, 20 Apr 2018 04:54:59 +0000. Up 36.98 seconds.
[   37.762772] cloud-init[1368]: Cloud-init v. 17.2 finished at Fri, 20 Apr 2018 04:54:59 +0000. Datasource DataSourceNoCloud [seed=/dev/sdb][dsmode=net].  Up 37.67 seconds
[[0;32m  OK  [0m] Started Execute cloud user/final scripts.
[[0;32m  OK  [0m] Reached target Cloud-init target.
         Starting Daily apt download activities...

Ubuntu 16.04.4 LTS ubuntu-xenial ttyS0

ubuntu-xenial login: 